// Jest Snapshot v1, https://goo.gl/fbAQLP

exports[`<ProductBox/> With search product by id should have the same ui structure 1`] = `
<SearchBar
  initInput=""
  key="searchBar_productBox"
  onClick={[Function]}
/>
`;
