// Jest Snapshot v1, https://goo.gl/fbAQLP

exports[`<ProductCard/> should be product card should have the same ui structure with one product 1`] = `
<div
  className="ard mb-4 shadow-sm mcl-product-card"
>
  <div
    className="card-header"
  >
    <h4
      className="my-0 font-weight-normal"
    >
      Relojes Por Mayor Digitales Imantados Unisex ( 5 Unidades )
    </h4>
  </div>
  <div
    className="card-body"
  >
    <h3
      className="card-title pricing-card-title"
    >
      $
      3087.5
    </h3>
    <img
      alt="imagen del producto Relojes Por Mayor Digitales Imantados Unisex ( 5 Unidades )"
      src="http://http://miImagenNBonita.cl"
    />
    <h6>
      <Component />
    </h6>
  </div>
</div>
`;
